// Jest Snapshot v1, https://goo.gl/fbAQLP

exports[`MainPage should render correctly 1`] = `ShallowWrapper {}`;
