// Jest Snapshot v1, https://goo.gl/fbAQLP

exports[`Song should render correctly 1`] = `ShallowWrapper {}`;
